00:09:49 **** Incremental Build of configuration Debug for project poc_rtc ****
make -j20 all 
arm-none-eabi-gcc "../Core/Src/main.c" -mcpu=cortex-m4 -std=gnu11 -g3 -DDEBUG -DUSE_HAL_DRIVER -DSTM32G474xx -c -I../Core/Inc -I"C:/Users/gabriel.brunheira/Git/pessoal/project-reggae/proof-of-concepts/poc_rtc/Drivers/oled_ssd1306" -I../Drivers/STM32G4xx_HAL_Driver/Inc -I../Drivers/STM32G4xx_HAL_Driver/Inc/Legacy -I../Drivers/CMSIS/Device/ST/STM32G4xx/Include -I../Drivers/CMSIS/Include -O0 -ffunction-sections -fdata-sections -Wall -fstack-usage -fcyclomatic-complexity -MMD -MP -MF"Core/Src/main.d" -MT"Core/Src/main.o" --specs=nano.specs -mfpu=fpv4-sp-d16 -mfloat-abi=hard -mthumb -o "Core/Src/main.o"
arm-none-eabi-gcc -o "poc_rtc.elf" @"objects.list"   -mcpu=cortex-m4 -T"C:\Users\gabriel.brunheira\Git\pessoal\project-reggae\proof-of-concepts\poc_rtc\STM32G474RETX_FLASH.ld" --specs=nosys.specs -Wl,-Map="poc_rtc.map" -Wl,--gc-sections -static --specs=nano.specs -mfpu=fpv4-sp-d16 -mfloat-abi=hard -mthumb -Wl,--start-group -lc -lm -Wl,--end-group
Finished building target: poc_rtc.elf
 
arm-none-eabi-size  poc_rtc.elf 
arm-none-eabi-objdump -h -S poc_rtc.elf  > "poc_rtc.list"
   text	   data	    bss	    dec	    hex	filename
  23896	    100	   2740	  26736	   6870	poc_rtc.elf
Finished building: default.size.stdout
 
Finished building: poc_rtc.list
 
00:10:04 **** Incremental Build of configuration Debug for project poc_rtc ****
make -j20 all 
arm-none-eabi-size  poc_rtc.elf 
   text	   data	    bss	    dec	    hex	filename
  23896	    100	   2740	  26736	   6870	poc_rtc.elf
Finished building: default.size.stdout
 
