22:40:33 **** Incremental Build of configuration Debug for project poc_oled_ssd1306 ****
make -j20 all 
arm-none-eabi-gcc "../Core/Src/main.c" -mcpu=cortex-m4 -std=gnu11 -g3 -DDEBUG -DUSE_HAL_DRIVER -DSTM32G474xx -c -I../Core/Inc -I../Drivers/STM32G4xx_HAL_Driver/Inc -I"C:/Users/gabriel.brunheira/Git/pessoal/project-reggae/proof-of-concepts/poc_oled_ssd1306/Drivers/oled_ssd1306" -I../Drivers/STM32G4xx_HAL_Driver/Inc/Legacy -I../Drivers/CMSIS/Device/ST/STM32G4xx/Include -I../Drivers/CMSIS/Include -O0 -ffunction-sections -fdata-sections -Wall -fstack-usage -fcyclomatic-complexity -MMD -MP -MF"Core/Src/main.d" -MT"Core/Src/main.o" --specs=nano.specs -mfpu=fpv4-sp-d16 -mfloat-abi=hard -mthumb -o "Core/Src/main.o"
arm-none-eabi-gcc -o "poc_oled_ssd1306.elf" @"objects.list"   -mcpu=cortex-m4 -T"C:\Users\gabriel.brunheira\Git\pessoal\project-reggae\proof-of-concepts\poc_oled_ssd1306\STM32G474RETX_FLASH.ld" --specs=nosys.specs -Wl,-Map="poc_oled_ssd1306.map" -Wl,--gc-sections -static --specs=nano.specs -mfpu=fpv4-sp-d16 -mfloat-abi=hard -mthumb -Wl,--start-group -lc -lm -Wl,--end-group
Finished building target: poc_oled_ssd1306.elf
 
arm-none-eabi-size  poc_oled_ssd1306.elf 
arm-none-eabi-objdump -h -S poc_oled_ssd1306.elf  > "poc_oled_ssd1306.list"
   text	   data	    bss	    dec	    hex	filename
  27164	     20	   2324	  29508	   7344	poc_oled_ssd1306.elf
Finished building: default.size.stdout
 
Finished building: poc_oled_ssd1306.list
 

22:40:35 Build Finished. 0 errors, 0 warnings. (took 1s.553ms)

